FEX_PROFILE=default
FEX_CONFIG_KEYS={"HalfBarrierTSOEnabled": "1", "MemcpySetTSOEnabled": "0", "Multiblock": "1", "TSOEnabled": "1", "VectorTSOEnabled": "0", "X87ReducedPrecision": "1"}
# 2026-10-02T22:11:16+08:00 profile=default
FEX_CONFIG_KEYS={"HalfBarrierTSOEnabled": "1", "MemcpySetTSOEnabled": "0", "Multiblock": "1", "TSOEnabled": "1", "VectorTSOEnabled": "0", "X87ReducedPrecision": "1"}
# 2026-10-02T22:11:16+08:00 profile=default
FEX_PROFILE=fast
FEX_CONFIG_KEYS={"HalfBarrierTSOEnabled": "0", "MemcpySetTSOEnabled": "0", "Multiblock": "1", "TSOEnabled": "0", "VectorTSOEnabled": "0", "X87ReducedPrecision": "1"}
# 2026-10-02T22:17:00+08:00 profile=fast
FEX_CONFIG_KEYS={"HalfBarrierTSOEnabled": "0", "MemcpySetTSOEnabled": "0", "Multiblock": "1", "TSOEnabled": "0", "VectorTSOEnabled": "0", "X87ReducedPrecision": "1"}
# 2026-10-02T22:17:00+08:00 profile=fast
FEX_PROFILE=compatible
FEX_CONFIG_KEYS={"HalfBarrierTSOEnabled": "1", "MemcpySetTSOEnabled": "1", "Multiblock": "0", "TSOEnabled": "1", "VectorTSOEnabled": "1", "X87ReducedPrecision": "0"}
# 2026-10-02T22:20:37+08:00 profile=compatible
FEX_CONFIG_KEYS={"HalfBarrierTSOEnabled": "1", "MemcpySetTSOEnabled": "1", "Multiblock": "0", "TSOEnabled": "1", "VectorTSOEnabled": "1", "X87ReducedPrecision": "0"}
# 2026-10-02T22:20:37+08:00 profile=compatible
FEX_PROFILE=default
FEX_CONFIG_KEYS={"HalfBarrierTSOEnabled": "1", "MemcpySetTSOEnabled": "0", "Multiblock": "1", "TSOEnabled": "1", "VectorTSOEnabled": "0", "X87ReducedPrecision": "1"}
# 2026-10-02T22:48:59+08:00 profile=default
FEX_CONFIG_KEYS={"HalfBarrierTSOEnabled": "1", "MemcpySetTSOEnabled": "0", "Multiblock": "1", "TSOEnabled": "1", "VectorTSOEnabled": "0", "X87ReducedPrecision": "1"}
# 2026-10-02T22:48:59+08:00 profile=default
