# date: 2026-10-02T22:11:16+08:00
# VK_DRIVER_FILES=/var/home/armada/opencode/turnip-a7xx-dx12/../build/out/freedreno_icd.json
# DRIRC_CONFIGDIR=<unset>
# MANGOHUD=1
# MANGOHUD_CONFIG=autostart_log,log_interval=100,log_duration=180,output_folder=/tmp/opencode/mangologs
# devices (name | sparseResidencyImage2D):
#   Turnip Adreno (TM) 740  | true
# ---
ProtonFixes[16279] INFO: Running protonfixes on "cachyos-11.0-20260703-slr", build at 2026-07-21 23:36:49+00:00.
ProtonFixes[16279] INFO: Running checks
ProtonFixes[16279] INFO: All checks successful
ProtonFixes[16279] INFO: Using early stage global defaults for UNKNOWN (4)
ProtonFixes[16279] INFO: No early stage global protonfix found for UNKNOWN (4)
[2026-10-02 22:11:17.956] [MANGOHUD] [info] [cpu.cpp:636] hwmon: using input: /sys/class/hwmon/hwmon19/temp1_input
ProtonFixes[16279] INFO: Setting up FSR4 version default.
ProtonFixes[16279] INFO: Automatic FSR4 upgrade enabled.
ProtonFixes[16279] INFO: Running protonfixes on "cachyos-11.0-20260703-slr", build at 2026-07-21 23:36:49+00:00.
ProtonFixes[16279] INFO: Running checks
ProtonFixes[16279] INFO: All checks successful
ProtonFixes[16279] INFO: Using main stage global defaults for UNKNOWN (4)
ProtonFixes[16279] INFO: No main stage global protonfix found for UNKNOWN (4)
ntsync: up and running.
[2026-10-02 22:11:33.888] [MANGOHUD] [info] [blacklist.cpp:86] process 'explorer.exe' is blacklisted in MangoHud
ATTENTION: default value of option tu_override_uncached_as_cache_coherent overridden by environment.
ATTENTION: default value of option tu_override_uncached_as_cache_coherent overridden by environment.
[2026-10-02 22:11:43.546] [MANGOHUD] [info] [cpu.cpp:636] hwmon: using input: /sys/class/hwmon/hwmon19/temp1_input
warn:  CreateDXGIFactory2: Ignoring flags
info:  Game: re4.exe
info:  DXVK: v3.0.2-2-g0ff9cd328ca23b4
info:  Build: aarch64 clang 22.1.8
info:  Vulkan: Found vkGetInstanceProcAddr in winevulkan.dll @ 0x6ffff95e0cc0
info:  Extension providers:
info:    Platform WSI
info:    OpenVR
info:  OpenVR: could not open registry key, status 2
warn:  OpenVR: Failed to initialize OpenVR
info:    OpenXR
warn:  OpenXR: Unable to get required Vulkan instance extensions size
info:  Enabled instance extensions:
info:    VK_KHR_get_surface_capabilities2
info:    VK_KHR_surface
info:    VK_KHR_surface_maintenance1
info:    VK_KHR_win32_surface
ATTENTION: default value of option tu_override_uncached_as_cache_coherent overridden by environment.
info:  Found device: Turnip Adreno (TM) 740 (turnip Mesa driver 26.2.3)
warn:  OpenXR: Unable to get required Vulkan Device extensions size
warn:  DxgiAdapter::QueryInterface: Unknown interface query
warn:  f0db4c7f-fe5a-42a2-bd62-f2a6cf6fc83e
2572.441:0134:0138:warn:vkd3d-proton:openvr_instance_extensions: Failed to open VR registry key, status 2.
2572.441:0134:0138:warn:vkd3d-proton:openxr_vulkan_extensions: Failed to get OpenXR extensions size from wineopenxr.
2572.442:0134:0138:info:vkd3d-proton:vkd3d_instance_apply_application_workarounds: Program name: "re4.exe" (hash: 30ea40305615e978)
2572.442:0134:0138:info:vkd3d-proton:vkd3d_instance_apply_application_workarounds: Detected game re4.exe, adding shader quirks for specific shaders.
2572.442:0134:0138:info:vkd3d-proton:vkd3d_instance_deduce_config_flags_from_environment: shader_cache is used, global_pipeline_cache is enforced.
2572.442:0134:0138:info:vkd3d-proton:vkd3d_config_flags_init_once: VKD3D_CONFIG=''.
2572.451:0134:0138:info:vkd3d-proton:vkd3d_get_vk_version: vkd3d-proton - applicationVersion: 3.1.0.
2572.451:0134:0138:info:vkd3d-proton:vkd3d_instance_init: vkd3d-proton - build: 3dfc6f07d0953b1.
ATTENTION: default value of option tu_override_uncached_as_cache_coherent overridden by environment.
2572.511:0134:0138:warn:vkd3d-proton:openvr_device_extensions: Failed to open VR registry key, status 2.
2572.511:0134:0138:warn:vkd3d-proton:openxr_vulkan_extensions: Failed to get OpenXR extensions size from wineopenxr.
2572.631:0134:0138:info:vkd3d-proton:vkd3d_physical_device_info_init_maint9: Implementation supports eliding QFOT for non-compressed optimal images.
2572.631:0134:0138:info:vkd3d-proton:vkd3d_init_device_caps: Not all relevant pipeline stages are supported by EXT_dgc. Skipping.
2572.681:0134:0138:warn:vkd3d-proton:d3d12_device_create_vkd3d_queues: Could not allocate an out of band queue for queue family 0. All out of band work will happen on the in band queue.
2572.681:0134:0138:warn:vkd3d-proton:d3d12_device_create_vkd3d_queues: Could not allocate an out of band queue for queue family 5. All out of band work will happen on the in band queue.
2572.685:0134:0138:info:vkd3d-proton:vkd3d_memory_info_decide_hvv_usage: Topology: UMA-like topology.
2572.685:0134:0138:info:vkd3d-proton:vkd3d_memory_info_upload_hvv_memory_properties: Topology: HVV usage is allowed, using DEVICE_LOCAL | HOST_COHERENT for UPLOAD.
2572.685:0134:0138:info:vkd3d-proton:vkd3d_bindless_state_get_bindless_flags: Device supports VK_EXT_mutable_descriptor_type.
2572.685:0134:0138:info:vkd3d-proton:vkd3d_bindless_state_add_binding: Device supports VK_EXT_descriptor_buffer!
2572.685:0134:0138:info:vkd3d-proton:vkd3d_bindless_state_add_binding: Device supports VK_EXT_descriptor_buffer!
2572.685:0134:0138:info:vkd3d-proton:vkd3d_bindless_state_add_binding: Device supports VK_EXT_descriptor_buffer!
2573.046:0134:0138:info:vkd3d-proton:d3d12_device_caps_init_shader_model: Enabling support for SM 6.6.
2573.046:0134:0138:warn:vkd3d-proton:d3d12_device_caps_init_feature_options1: No device info available for TotalLaneCount = 4096.
2573.046:0134:0138:fixme:vkd3d-proton:d3d12_device_caps_init_feature_options1: TotalLaneCount = 4096, may be inaccurate.
2573.046:0134:0138:info:vkd3d-proton:vkd3d_pipeline_library_init_disk_cache: Remapping VKD3D_SHADER_CACHE to: vkd3d-proton.cache.
2573.046:0134:0138:info:vkd3d-proton:vkd3d_pipeline_library_init_disk_cache: Attempting to load disk cache from: vkd3d-proton.cache.
2573.046:0134:0138:warn:vkd3d-proton:d3d12_device_create: Feature level 0xc100 is not supported.
2573.056:0134:0164:info:vkd3d-proton:vkd3d_pipeline_library_disk_thread_main: Performing async setup of stream archive ...
2573.070:0134:0164:info:vkd3d-proton:vkd3d_pipeline_library_disk_cache_merge: No write cache exists. No need to merge any disk caches.
2573.072:0134:0164:info:vkd3d-proton:vkd3d_pipeline_library_disk_cache_initial_setup: Merging pipeline libraries took 15.692 ms.
2573.075:0134:0164:info:vkd3d-proton:vkd3d_pipeline_library_disk_cache_initial_setup: Mapping read-only cache took 1.995 ms.
2573.090:0134:0164:info:vkd3d-proton:d3d12_pipeline_library_read_blob_stream_format: Device teardown request received, stopping parse early.
2573.090:0134:0164:info:vkd3d-proton:vkd3d_pipeline_library_disk_cache_initial_setup: Parsing stream archive took 15.361 ms.
2573.090:0134:0164:info:vkd3d-proton:vkd3d_pipeline_library_disk_thread_main: Done performing async setup of stream archive.
2573.122:0134:0138:warn:vkd3d-proton:openvr_instance_extensions: Failed to open VR registry key, status 2.
2573.122:0134:0138:warn:vkd3d-proton:openxr_vulkan_extensions: Failed to get OpenXR extensions size from wineopenxr.
2573.125:0134:0138:info:vkd3d-proton:vkd3d_get_vk_version: vkd3d-proton - applicationVersion: 3.1.0.
2573.125:0134:0138:info:vkd3d-proton:vkd3d_instance_init: vkd3d-proton - build: 3dfc6f07d0953b1.
ATTENTION: default value of option tu_override_uncached_as_cache_coherent overridden by environment.
2573.206:0134:0138:warn:vkd3d-proton:openvr_device_extensions: Failed to open VR registry key, status 2.
2573.206:0134:0138:warn:vkd3d-proton:openxr_vulkan_extensions: Failed to get OpenXR extensions size from wineopenxr.
2573.343:0134:0138:info:vkd3d-proton:vkd3d_physical_device_info_init_maint9: Implementation supports eliding QFOT for non-compressed optimal images.
2573.343:0134:0138:info:vkd3d-proton:vkd3d_init_device_caps: Not all relevant pipeline stages are supported by EXT_dgc. Skipping.
2573.350:0134:0138:warn:vkd3d-proton:d3d12_device_create_vkd3d_queues: Could not allocate an out of band queue for queue family 0. All out of band work will happen on the in band queue.
2573.350:0134:0138:warn:vkd3d-proton:d3d12_device_create_vkd3d_queues: Could not allocate an out of band queue for queue family 5. All out of band work will happen on the in band queue.
2573.353:0134:0138:info:vkd3d-proton:vkd3d_memory_info_decide_hvv_usage: Topology: UMA-like topology.
2573.353:0134:0138:info:vkd3d-proton:vkd3d_memory_info_upload_hvv_memory_properties: Topology: HVV usage is allowed, using DEVICE_LOCAL | HOST_COHERENT for UPLOAD.
2573.354:0134:0138:info:vkd3d-proton:vkd3d_bindless_state_get_bindless_flags: Device supports VK_EXT_mutable_descriptor_type.
2573.354:0134:0138:info:vkd3d-proton:vkd3d_bindless_state_add_binding: Device supports VK_EXT_descriptor_buffer!
2573.354:0134:0138:info:vkd3d-proton:vkd3d_bindless_state_add_binding: Device supports VK_EXT_descriptor_buffer!
2573.354:0134:0138:info:vkd3d-proton:vkd3d_bindless_state_add_binding: Device supports VK_EXT_descriptor_buffer!
2573.355:0134:0138:info:vkd3d-proton:d3d12_device_caps_init_shader_model: Enabling support for SM 6.6.
2573.356:0134:0138:warn:vkd3d-proton:d3d12_device_caps_init_feature_options1: No device info available for TotalLaneCount = 4096.
2573.356:0134:0138:fixme:vkd3d-proton:d3d12_device_caps_init_feature_options1: TotalLaneCount = 4096, may be inaccurate.
2573.356:0134:0138:info:vkd3d-proton:vkd3d_pipeline_library_init_disk_cache: Remapping VKD3D_SHADER_CACHE to: vkd3d-proton.cache.
2573.356:0134:0138:info:vkd3d-proton:vkd3d_pipeline_library_init_disk_cache: Attempting to load disk cache from: vkd3d-proton.cache.
2573.357:0134:016c:info:vkd3d-proton:vkd3d_pipeline_library_disk_thread_main: Performing async setup of stream archive ...
2573.358:0134:016c:info:vkd3d-proton:vkd3d_pipeline_library_disk_cache_merge: No write cache exists. No need to merge any disk caches.
2573.358:0134:016c:info:vkd3d-proton:vkd3d_pipeline_library_disk_cache_initial_setup: Merging pipeline libraries took 0.276 ms.
2573.359:0134:016c:info:vkd3d-proton:vkd3d_pipeline_library_disk_cache_initial_setup: Mapping read-only cache took 1.356 ms.
2573.359:0134:016c:info:vkd3d-proton:d3d12_pipeline_library_read_blob_stream_format: Device teardown request received, stopping parse early.
2573.359:0134:016c:info:vkd3d-proton:vkd3d_pipeline_library_disk_cache_initial_setup: Parsing stream archive took 0.015 ms.
2573.359:0134:016c:info:vkd3d-proton:vkd3d_pipeline_library_disk_thread_main: Done performing async setup of stream archive.
2573.377:0134:0138:warn:vkd3d-proton:openvr_instance_extensions: Failed to open VR registry key, status 2.
2573.377:0134:0138:warn:vkd3d-proton:openxr_vulkan_extensions: Failed to get OpenXR extensions size from wineopenxr.
2573.380:0134:0138:info:vkd3d-proton:vkd3d_get_vk_version: vkd3d-proton - applicationVersion: 3.1.0.
2573.380:0134:0138:info:vkd3d-proton:vkd3d_instance_init: vkd3d-proton - build: 3dfc6f07d0953b1.
ATTENTION: default value of option tu_override_uncached_as_cache_coherent overridden by environment.
2573.432:0134:0138:warn:vkd3d-proton:openvr_device_extensions: Failed to open VR registry key, status 2.
2573.432:0134:0138:warn:vkd3d-proton:openxr_vulkan_extensions: Failed to get OpenXR extensions size from wineopenxr.
2573.550:0134:0138:info:vkd3d-proton:vkd3d_physical_device_info_init_maint9: Implementation supports eliding QFOT for non-compressed optimal images.
2573.551:0134:0138:info:vkd3d-proton:vkd3d_init_device_caps: Not all relevant pipeline stages are supported by EXT_dgc. Skipping.
2573.558:0134:0138:warn:vkd3d-proton:d3d12_device_create_vkd3d_queues: Could not allocate an out of band queue for queue family 0. All out of band work will happen on the in band queue.
2573.558:0134:0138:warn:vkd3d-proton:d3d12_device_create_vkd3d_queues: Could not allocate an out of band queue for queue family 5. All out of band work will happen on the in band queue.
2573.561:0134:0138:info:vkd3d-proton:vkd3d_memory_info_decide_hvv_usage: Topology: UMA-like topology.
2573.561:0134:0138:info:vkd3d-proton:vkd3d_memory_info_upload_hvv_memory_properties: Topology: HVV usage is allowed, using DEVICE_LOCAL | HOST_COHERENT for UPLOAD.
2573.561:0134:0138:info:vkd3d-proton:vkd3d_bindless_state_get_bindless_flags: Device supports VK_EXT_mutable_descriptor_type.
2573.561:0134:0138:info:vkd3d-proton:vkd3d_bindless_state_add_binding: Device supports VK_EXT_descriptor_buffer!
2573.561:0134:0138:info:vkd3d-proton:vkd3d_bindless_state_add_binding: Device supports VK_EXT_descriptor_buffer!
2573.561:0134:0138:info:vkd3d-proton:vkd3d_bindless_state_add_binding: Device supports VK_EXT_descriptor_buffer!
2573.563:0134:0138:info:vkd3d-proton:d3d12_device_caps_init_shader_model: Enabling support for SM 6.6.
2573.563:0134:0138:warn:vkd3d-proton:d3d12_device_caps_init_feature_options1: No device info available for TotalLaneCount = 4096.
2573.563:0134:0138:fixme:vkd3d-proton:d3d12_device_caps_init_feature_options1: TotalLaneCount = 4096, may be inaccurate.
2573.563:0134:0138:info:vkd3d-proton:vkd3d_pipeline_library_init_disk_cache: Remapping VKD3D_SHADER_CACHE to: vkd3d-proton.cache.
2573.563:0134:0138:info:vkd3d-proton:vkd3d_pipeline_library_init_disk_cache: Attempting to load disk cache from: vkd3d-proton.cache.
2573.564:0134:0138:warn:vkd3d-proton:d3d12_device_QueryInterface: {74eaee3f-2f4b-476d-82ba-2b85cb49e310} not implemented, returning E_NOINTERFACE.
2573.572:0134:0174:info:vkd3d-proton:vkd3d_pipeline_library_disk_thread_main: Performing async setup of stream archive ...
2573.573:0134:0174:info:vkd3d-proton:vkd3d_pipeline_library_disk_cache_merge: No write cache exists. No need to merge any disk caches.
2573.574:0134:0174:info:vkd3d-proton:vkd3d_pipeline_library_disk_cache_initial_setup: Merging pipeline libraries took 1.296 ms.
2573.576:0134:0174:info:vkd3d-proton:vkd3d_pipeline_library_disk_cache_initial_setup: Mapping read-only cache took 2.006 ms.
2573.883:0134:0174:info:vkd3d-proton:vkd3d_pipeline_library_disk_cache_initial_setup: Parsing stream archive took 306.946 ms.
2573.883:0134:0174:info:vkd3d-proton:vkd3d_pipeline_library_disk_thread_main: Done performing async setup of stream archive.
2573.999:0134:0138:warn:vkd3d-proton:d3d12_device_CheckFeatureSupport: Assuming device does not support tile based rendering.
2574.000:0134:0138:warn:vkd3d-proton:d3d12_device_CheckFeatureSupport: Assuming device does not support tile based rendering.
2574.011:0134:0138:fixme:vkd3d-proton:d3d12_command_queue_init: Global realtime priority is not implemented.
2574.011:0134:0138:fixme:vkd3d-proton:d3d12_command_queue_init: Ignoring priority 0x2710.
2577.159:0134:01e4:info:vkd3d-proton:dxgi_vk_swap_chain_init: Creating swapchain (1920 x 1080), BufferCount = 3.
2577.239:0134:01e4:info:vkd3d-proton:dxgi_vk_swap_chain_init_sync_objects: Enabling frame latency handles.
2577.239:0134:01e4:info:vkd3d-proton:dxgi_vk_swap_chain_init_sync_objects: Ensure maximum latency of 3 frames with KHR_present_wait.
2577.242:0134:01e4:info:vkd3d-proton:dxgi_vk_swap_chain_init_sleep_state: Timer interval is 1.0 ms.
warn:  DXGI: MakeWindowAssociation: Ignoring flags
2578.648:0134:017c:info:vkd3d-proton:dxgi_vk_swap_chain_recreate_swapchain_in_present_task: Got 3 swapchain images.
[2026-10-02 22:11:57.471] [MANGOHUD] [error] [file_utils.cpp:47] Error opening directory '/sys/class/powercap/': No such file or directory
[2026-10-02 22:11:57.471] [MANGOHUD] [error] [cpu.cpp:794] Failed to initialize CPU power data
2579.056:0134:014c:warn:vkd3d-proton:d3d12_pipeline_library_StorePipeline: Pipeline "CSWorkAroundClearBuffer-abe947076e85bb3c" already exists.
2579.059:0134:014c:warn:vkd3d-proton:d3d12_pipeline_library_StorePipeline: Pipeline "CSWorkAroundCopyBuffer-6306a0066b9dda35" already exists.
2579.148:0134:017c:info:vkd3d-proton:dxgi_vk_swap_chain_recreate_swapchain_in_present_task: Got 3 swapchain images.
[2026-10-02 22:11:57.947] [MANGOHUD] [error] [file_utils.cpp:47] Error opening directory '/sys/class/powercap/': No such file or directory
[2026-10-02 22:11:57.948] [MANGOHUD] [error] [cpu.cpp:794] Failed to initialize CPU power data
2579.152:0134:015c:warn:vkd3d-proton:d3d12_pipeline_library_load_pipeline: Pipeline "Billboard2D_00000000b75875c7bd863ba613793d69" does not exist.
2579.152:0134:015c:err:vkd3d-proton:d3d12_pipeline_state_validate_blend_state: Enabling blending on RT 0 with format DXGI_FORMAT_R8G8_UINT, but using integer format is not supported.
2579.152:0134:015c:err:vkd3d-proton:d3d12_pipeline_state_validate_blend_state: Enabling blending on RT 0 with format DXGI_FORMAT_R8G8_UINT, but using integer format is not supported.
2579.153:0134:01e4:info:vkd3d-proton:dxgi_vk_swap_chain_ChangeProperties: Reallocating swapchain (1280 x 800), BufferCount = 3.
[2026-10-02 22:11:58.456] [MANGOHUD] [error] [file_utils.cpp:47] Error opening directory '/sys/class/powercap/': No such file or directory
[2026-10-02 22:11:58.456] [MANGOHUD] [error] [cpu.cpp:794] Failed to initialize CPU power data
2579.671:0134:0158:warn:vkd3d-proton:d3d12_pipeline_state_init_graphics_create_info: DSV format is DXGI_FORMAT_UNKNOWN.
[2026-10-02 22:11:58.965] [MANGOHUD] [error] [file_utils.cpp:47] Error opening directory '/sys/class/powercap/': No such file or directory
[2026-10-02 22:11:58.965] [MANGOHUD] [error] [cpu.cpp:794] Failed to initialize CPU power data
2580.467:0134:015c:warn:vkd3d-proton:d3d12_pipeline_state_init_graphics_create_info: DSV format is DXGI_FORMAT_UNKNOWN.
[2026-10-02 22:11:59.473] [MANGOHUD] [error] [file_utils.cpp:47] Error opening directory '/sys/class/powercap/': No such file or directory
[2026-10-02 22:11:59.473] [MANGOHUD] [error] [cpu.cpp:794] Failed to initialize CPU power data
2582.452:0134:0158:warn:vkd3d-proton:d3d12_pipeline_state_init_graphics_create_info: DSV format is DXGI_FORMAT_UNKNOWN.
2584.025:0134:0158:warn:vkd3d-proton:d3d12_pipeline_library_load_pipeline: Pipeline "Billboard2DCutout_00000000b75875c7bc067e8398f026d5" does not exist.
2584.026:0134:0158:err:vkd3d-proton:d3d12_pipeline_state_validate_blend_state: Enabling blending on RT 0 with format DXGI_FORMAT_R8G8_UINT, but using integer format is not supported.
2584.026:0134:0158:err:vkd3d-proton:d3d12_pipeline_state_validate_blend_state: Enabling blending on RT 0 with format DXGI_FORMAT_R8G8_UINT, but using integer format is not supported.
2584.026:0134:0158:warn:vkd3d-proton:d3d12_pipeline_library_load_pipeline: Pipeline "Billboard2DCutout_00000000b9d6185ebc067e8398f026d5" does not exist.
2584.026:0134:0158:err:vkd3d-proton:d3d12_pipeline_state_validate_blend_state: Enabling blending on RT 0 with format DXGI_FORMAT_R8_UINT, but using integer format is not supported.
2584.026:0134:0158:err:vkd3d-proton:d3d12_pipeline_state_validate_blend_state: Enabling blending on RT 0 with format DXGI_FORMAT_R8_UINT, but using integer format is not supported.
2584.026:0134:0158:warn:vkd3d-proton:d3d12_pipeline_library_load_pipeline: Pipeline "Billboard2DCutout_000000003fcf1d56bc067e8398f026d5" does not exist.
2584.026:0134:0158:err:vkd3d-proton:d3d12_pipeline_state_validate_blend_state: Enabling blending on RT 0 with format DXGI_FORMAT_R32_UINT, but using integer format is not supported.
2584.026:0134:0158:err:vkd3d-proton:d3d12_pipeline_state_validate_blend_state: Enabling blending on RT 0 with format DXGI_FORMAT_R32_UINT, but using integer format is not supported.
2584.026:0134:0158:warn:vkd3d-proton:d3d12_pipeline_library_load_pipeline: Pipeline "Billboard2DCutout_0000000027619d6cbc067e8398f026d5" does not exist.
2584.026:0134:0158:err:vkd3d-proton:d3d12_pipeline_state_validate_blend_state: Enabling blending on RT 0 with format DXGI_FORMAT_R32_SINT, but using integer format is not supported.
2584.027:0134:0158:err:vkd3d-proton:d3d12_pipeline_state_validate_blend_state: Enabling blending on RT 0 with format DXGI_FORMAT_R32_SINT, but using integer format is not supported.
info:  Setting display mode: 1280x800@60
info:  Setting display mode: 1280x800@60
2585.435:0134:014c:fixme:vkd3d-proton:dxgi_vk_swap_chain_SetGammaControl: iface 00000000cee01790, NumControlPoints 1024, pControlPoints 00000000cec31bc8 stub!
info:  Setting display mode: 2560x1440@60
info:  Setting display mode: 2560x1440@60
2585.484:0134:014c:info:vkd3d-proton:dxgi_vk_swap_chain_ChangeProperties: Reallocating swapchain (2560 x 1440), BufferCount = 3.
2586.275:0134:0158:warn:vkd3d-proton:d3d12_pipeline_state_init_graphics_create_info: DSV format is DXGI_FORMAT_UNKNOWN.
2586.324:0134:014c:info:vkd3d-proton:dxgi_vk_swap_chain_SetTargetFrameRate: Set target frame rate to 60.0 FPS.
2586.444:0134:017c:info:vkd3d-proton:dxgi_vk_swap_chain_recreate_swapchain_in_present_task: Got 3 swapchain images.
2586.453:0134:015c:warn:vkd3d-proton:d3d12_pipeline_state_init_graphics_create_info: DSV format is DXGI_FORMAT_UNKNOWN.
2586.488:0134:0158:warn:vkd3d-proton:d3d12_pipeline_state_init_graphics_create_info: DSV format is DXGI_FORMAT_UNKNOWN.
2586.601:0134:015c:warn:vkd3d-proton:d3d12_pipeline_state_init_graphics_create_info: DSV format is DXGI_FORMAT_UNKNOWN.
2587.262:0134:015c:warn:vkd3d-proton:d3d12_pipeline_state_init_graphics_create_info: DSV format is DXGI_FORMAT_UNKNOWN.
2587.377:0134:0158:warn:vkd3d-proton:d3d12_pipeline_state_init_graphics_create_info: DSV format is DXGI_FORMAT_UNKNOWN.
2587.450:0134:015c:warn:vkd3d-proton:d3d12_pipeline_state_init_graphics_create_info: DSV format is DXGI_FORMAT_UNKNOWN.
2587.450:0134:015c:warn:vkd3d-proton:d3d12_pipeline_state_init_graphics_create_info: DSV format is DXGI_FORMAT_UNKNOWN.
info:  Setting display mode: 1280x800@60
info:  Setting display mode: 1280x800@60
2587.806:0134:01e4:info:vkd3d-proton:dxgi_vk_swap_chain_ChangeProperties: Reallocating swapchain (1280 x 800), BufferCount = 3.
info:  Setting display mode: 1280x800@60
info:  Setting display mode: 1280x800@60
info:  Restoring display mode: 2560x1440@60
info:  Setting display mode: 2560x1440@60
2588.255:0134:014c:fixme:vkd3d-proton:dxgi_vk_swap_chain_SetGammaControl: iface 00000000cee01790, NumControlPoints 0, pControlPoints 0000000000000000 stub!
2588.421:0134:017c:info:vkd3d-proton:dxgi_vk_swap_chain_recreate_swapchain_in_present_task: Got 3 swapchain images.
2589.146:0134:015c:warn:vkd3d-proton:d3d12_pipeline_library_load_pipeline: Pipeline "Billboard2D_00000000b75875c75ab664082d8a1cba" does not exist.
2589.146:0134:015c:err:vkd3d-proton:d3d12_pipeline_state_validate_blend_state: Enabling blending on RT 0 with format DXGI_FORMAT_R8G8_UINT, but using integer format is not supported.
2589.146:0134:015c:err:vkd3d-proton:d3d12_pipeline_state_validate_blend_state: Enabling blending on RT 0 with format DXGI_FORMAT_R8G8_UINT, but using integer format is not supported.
2589.583:0134:0158:warn:vkd3d-proton:d3d12_pipeline_state_init_graphics_create_info: DSV format is DXGI_FORMAT_UNKNOWN.
2590.667:0134:015c:warn:vkd3d-proton:d3d12_pipeline_state_init_graphics_create_info: DSV format is DXGI_FORMAT_UNKNOWN.
2593.513:0134:0158:warn:vkd3d-proton:d3d12_pipeline_state_init_graphics_create_info: DSV format is DXGI_FORMAT_UNKNOWN.
2595.033:0134:0158:warn:vkd3d-proton:d3d12_pipeline_library_load_pipeline: Pipeline "Billboard2DCutout_00000000b75875c79e36095ef8980e14" does not exist.
2595.034:0134:0158:err:vkd3d-proton:d3d12_pipeline_state_validate_blend_state: Enabling blending on RT 0 with format DXGI_FORMAT_R8G8_UINT, but using integer format is not supported.
2595.034:0134:0158:err:vkd3d-proton:d3d12_pipeline_state_validate_blend_state: Enabling blending on RT 0 with format DXGI_FORMAT_R8G8_UINT, but using integer format is not supported.
2595.034:0134:0158:warn:vkd3d-proton:d3d12_pipeline_library_load_pipeline: Pipeline "Billboard2DCutout_00000000b9d6185e9e36095ef8980e14" does not exist.
2595.034:0134:0158:err:vkd3d-proton:d3d12_pipeline_state_validate_blend_state: Enabling blending on RT 0 with format DXGI_FORMAT_R8_UINT, but using integer format is not supported.
2595.034:0134:0158:err:vkd3d-proton:d3d12_pipeline_state_validate_blend_state: Enabling blending on RT 0 with format DXGI_FORMAT_R8_UINT, but using integer format is not supported.
2595.034:0134:0158:warn:vkd3d-proton:d3d12_pipeline_library_load_pipeline: Pipeline "Billboard2DCutout_000000003fcf1d569e36095ef8980e14" does not exist.
2595.034:0134:0158:err:vkd3d-proton:d3d12_pipeline_state_validate_blend_state: Enabling blending on RT 0 with format DXGI_FORMAT_R32_UINT, but using integer format is not supported.
2595.034:0134:0158:err:vkd3d-proton:d3d12_pipeline_state_validate_blend_state: Enabling blending on RT 0 with format DXGI_FORMAT_R32_UINT, but using integer format is not supported.
2595.035:0134:0158:warn:vkd3d-proton:d3d12_pipeline_library_load_pipeline: Pipeline "Billboard2DCutout_0000000027619d6c9e36095ef8980e14" does not exist.
2595.035:0134:0158:err:vkd3d-proton:d3d12_pipeline_state_validate_blend_state: Enabling blending on RT 0 with format DXGI_FORMAT_R32_SINT, but using integer format is not supported.
2595.035:0134:0158:err:vkd3d-proton:d3d12_pipeline_state_validate_blend_state: Enabling blending on RT 0 with format DXGI_FORMAT_R32_SINT, but using integer format is not supported.
2596.870:0134:0158:warn:vkd3d-proton:d3d12_pipeline_state_init_graphics_create_info: DSV format is DXGI_FORMAT_UNKNOWN.
2596.878:0134:015c:warn:vkd3d-proton:d3d12_pipeline_state_init_graphics_create_info: DSV format is DXGI_FORMAT_UNKNOWN.
2597.033:0134:0158:warn:vkd3d-proton:d3d12_pipeline_state_init_graphics_create_info: DSV format is DXGI_FORMAT_UNKNOWN.
2597.069:0134:015c:warn:vkd3d-proton:d3d12_pipeline_state_init_graphics_create_info: DSV format is DXGI_FORMAT_UNKNOWN.
2597.789:0134:0158:warn:vkd3d-proton:d3d12_pipeline_state_init_graphics_create_info: DSV format is DXGI_FORMAT_UNKNOWN.
2597.912:0134:015c:warn:vkd3d-proton:d3d12_pipeline_state_init_graphics_create_info: DSV format is DXGI_FORMAT_UNKNOWN.
2597.937:0134:0158:warn:vkd3d-proton:d3d12_pipeline_state_init_graphics_create_info: DSV format is DXGI_FORMAT_UNKNOWN.
2597.937:0134:0158:warn:vkd3d-proton:d3d12_pipeline_state_init_graphics_create_info: DSV format is DXGI_FORMAT_UNKNOWN.
2711.142:0134:0158:warn:vkd3d-proton:d3d12_pipeline_state_init_graphics_create_info: DSV format is DXGI_FORMAT_UNKNOWN.
2712.517:0134:0158:warn:vkd3d-proton:d3d12_pipeline_state_init_graphics_create_info: DSV format is DXGI_FORMAT_UNKNOWN.
Traceback (most recent call last):
  File "/usr/share/steam/compatibilitytools.d/proton-cachyos-11.0-arm64/proton", line 2457, in <module>
    rc = g_session.run()
  File "/usr/share/steam/compatibilitytools.d/proton-cachyos-11.0-arm64/proton", line 2397, in run
    rc = self.run_proc(adverb + argv + sys.argv[2:] + self.cmdlineappend)
  File "/usr/share/steam/compatibilitytools.d/proton-cachyos-11.0-arm64/proton", line 2346, in run_proc
    return subprocess.call(args, env=local_env, stderr=self.log_file, stdout=self.log_file)
           ~~~~~~~~~~~~~~~^^^^^^^^^^^^^^^^^^^^^^^^^^^^^^^^^^^^^^^^^^^^^^^^^^^^^^^^^^^^^^^^^
  File "/usr/lib64/python3.14/subprocess.py", line 398, in call
    return p.wait(timeout=timeout)
           ~~~~~~^^^^^^^^^^^^^^^^^
  File "/usr/lib64/python3.14/subprocess.py", line 1279, in wait
    return self._wait(timeout=timeout)
           ~~~~~~~~~~^^^^^^^^^^^^^^^^^
  File "/usr/lib64/python3.14/subprocess.py", line 2084, in _wait
    (pid, sts) = self._try_wait(0)
                 ~~~~~~~~~~~~~~^^^
  File "/usr/lib64/python3.14/subprocess.py", line 2042, in _try_wait
    (pid, sts) = os.waitpid(self.pid, wait_flags)
                 ~~~~~~~~~~^^^^^^^^^^^^^^^^^^^^^^
KeyboardInterrupt
